.inputReading
id1_1
Input 1455.0 Absolute Erros = 0.0
Input 665.0 Absolute Erros = 0.0
id1_2
Input 1455.54 Absolute Erros = 0.0
Input 665.13 Absolute Erros = 0.0
