.inputReading
id2_1
Input 90.0 Absolute Erros = 0.0
id2_2
Input -90.0 Absolute Erros = 0.0
id2_3
Input 3.2 Absolute Erros = 0.0
id2_4
Input -3.2 Absolute Erros = 0.0
id2_5
Input 0.0 Absolute Erros = 0.0
