.inputReading
id3_1
Input 2020-02-28 Absolute Erros = 0
Input 2021-02-28 Absolute Erros = 0
id3_2
Input 1996-01-03 Absolute Erros = 0
Input 2000-01-14 Absolute Erros = 0
