.calculation
id5_1
Input 0.9738212193883772 Output 0.9738212 Relative Erros = 1.9909586201904972e-8
id5_2
Input 0.9738212193883772 Output 0.9738212 Relative Erros = 1.9909586201904972e-8
id5_3
Input 0.5786890162786223 Output 0.5786897 Relative Erros = 1.1814991309755385e-6
id5_4
Input 0.5786890162786223 Output 0.5786897 Relative Erros = 1.1814991309755385e-6
